// Jest Snapshot v1, https://goo.gl/fbAQLP

exports[`Router renders the component when link is clicked 1`] = `
<header
  className="main-header"
>
  <div
    className="logo"
  >
    Logo
  </div>
  <nav
    className="login-register-controls"
  >
    <div>
      <ul>
        <ul>
          <li>
            <a
              className="login-link"
              href="/login"
              onClick={[Function]}
            >
              Login
            </a>
          </li>
          <li>
            <a
              className="singup-link"
              href="/sign-up"
              onClick={[Function]}
            >
              Sign Up
            </a>
          </li>
          <li>
            <a
              className="my-lists-link"
              href="/my-lists"
              onClick={[Function]}
            >
              My Lists
            </a>
          </li>
        </ul>
      </ul>
    </div>
  </nav>
</header>
`;
